2026-02-23 22:20:52 +01:00: 22:20:52 [ERROR] [router] Error while trying to render the route /projects/games
2026-02-23 22:20:52 +01:00: 22:20:52 [ERROR] file:///home/sebas/Porfolio/dist/server/pages/projects/games.astro.mjs:8
import { getHighlighter } from 'shiki';
         ^^^^^^^^^^^^^^
SyntaxError: The requested module 'shiki' does not provide an export named 'getHighlighter'
    at ModuleJob._instantiate (node:internal/modules/esm/module_job:213:21)
    at async ModuleJob.run (node:internal/modules/esm/module_job:320:5)
    at async ModuleLoader.import (node:internal/modules/esm/loader:606:24)
    at async AppPipeline.getModuleForRoute (file:///home/sebas/Porfolio/dist/server/chunks/_@astrojs-ssr-adapter_b-EMYNlE.mjs:3292:16)
    at async NodeApp.render (file:///home/sebas/Porfolio/dist/server/chunks/_@astrojs-ssr-adapter_b-EMYNlE.mjs:3642:19)
    at async file:///home/sebas/Porfolio/dist/server/chunks/_@astrojs-ssr-adapter_b-EMYNlE.mjs:4267:24
2026-02-23 22:20:54 +01:00: 22:20:54 [ERROR] [router] Error while trying to render the route /projects/games
2026-02-23 22:20:54 +01:00: 22:20:54 [ERROR] file:///home/sebas/Porfolio/dist/server/pages/projects/games.astro.mjs:8
import { getHighlighter } from 'shiki';
         ^^^^^^^^^^^^^^
SyntaxError: The requested module 'shiki' does not provide an export named 'getHighlighter'
    at ModuleJob._instantiate (node:internal/modules/esm/module_job:213:21)
    at async ModuleJob.run (node:internal/modules/esm/module_job:320:5)
    at async ModuleLoader.import (node:internal/modules/esm/loader:606:24)
    at async AppPipeline.getModuleForRoute (file:///home/sebas/Porfolio/dist/server/chunks/_@astrojs-ssr-adapter_b-EMYNlE.mjs:3292:16)
    at async NodeApp.render (file:///home/sebas/Porfolio/dist/server/chunks/_@astrojs-ssr-adapter_b-EMYNlE.mjs:3642:19)
    at async file:///home/sebas/Porfolio/dist/server/chunks/_@astrojs-ssr-adapter_b-EMYNlE.mjs:4267:24
2026-02-23 22:20:55 +01:00: 22:20:55 [ERROR] [router] Error while trying to render the route /projects/games
2026-02-23 22:20:55 +01:00: 22:20:55 [ERROR] file:///home/sebas/Porfolio/dist/server/pages/projects/games.astro.mjs:8
import { getHighlighter } from 'shiki';
         ^^^^^^^^^^^^^^
SyntaxError: The requested module 'shiki' does not provide an export named 'getHighlighter'
    at ModuleJob._instantiate (node:internal/modules/esm/module_job:213:21)
    at async ModuleJob.run (node:internal/modules/esm/module_job:320:5)
    at async ModuleLoader.import (node:internal/modules/esm/loader:606:24)
    at async AppPipeline.getModuleForRoute (file:///home/sebas/Porfolio/dist/server/chunks/_@astrojs-ssr-adapter_b-EMYNlE.mjs:3292:16)
    at async NodeApp.render (file:///home/sebas/Porfolio/dist/server/chunks/_@astrojs-ssr-adapter_b-EMYNlE.mjs:3642:19)
    at async file:///home/sebas/Porfolio/dist/server/chunks/_@astrojs-ssr-adapter_b-EMYNlE.mjs:4267:24
2026-02-23 22:21:02 +01:00: 22:21:02 [ERROR] [router] Error while trying to render the route /projects/games
2026-02-23 22:21:02 +01:00: 22:21:02 [ERROR] file:///home/sebas/Porfolio/dist/server/pages/projects/games.astro.mjs:8
import { getHighlighter } from 'shiki';
         ^^^^^^^^^^^^^^
SyntaxError: The requested module 'shiki' does not provide an export named 'getHighlighter'
    at ModuleJob._instantiate (node:internal/modules/esm/module_job:213:21)
    at async ModuleJob.run (node:internal/modules/esm/module_job:320:5)
    at async ModuleLoader.import (node:internal/modules/esm/loader:606:24)
    at async AppPipeline.getModuleForRoute (file:///home/sebas/Porfolio/dist/server/chunks/_@astrojs-ssr-adapter_b-EMYNlE.mjs:3292:16)
    at async NodeApp.render (file:///home/sebas/Porfolio/dist/server/chunks/_@astrojs-ssr-adapter_b-EMYNlE.mjs:3642:19)
    at async file:///home/sebas/Porfolio/dist/server/chunks/_@astrojs-ssr-adapter_b-EMYNlE.mjs:4267:24
2026-02-23 22:21:09 +01:00: 22:21:09 [ERROR] [router] Error while trying to render the route /projects/minecraft
2026-02-23 22:21:09 +01:00: 22:21:09 [ERROR] file:///home/sebas/Porfolio/dist/server/pages/projects/minecraft.astro.mjs:8
import { getHighlighter } from 'shiki';
         ^^^^^^^^^^^^^^
SyntaxError: The requested module 'shiki' does not provide an export named 'getHighlighter'
    at ModuleJob._instantiate (node:internal/modules/esm/module_job:213:21)
    at async ModuleJob.run (node:internal/modules/esm/module_job:320:5)
    at async ModuleLoader.import (node:internal/modules/esm/loader:606:24)
    at async AppPipeline.getModuleForRoute (file:///home/sebas/Porfolio/dist/server/chunks/_@astrojs-ssr-adapter_b-EMYNlE.mjs:3292:16)
    at async NodeApp.render (file:///home/sebas/Porfolio/dist/server/chunks/_@astrojs-ssr-adapter_b-EMYNlE.mjs:3642:19)
    at async file:///home/sebas/Porfolio/dist/server/chunks/_@astrojs-ssr-adapter_b-EMYNlE.mjs:4267:24
2026-02-23 22:21:17 +01:00: 22:21:17 [ERROR] [router] Error while trying to render the route /projects/minecraft
2026-02-23 22:21:17 +01:00: 22:21:17 [ERROR] file:///home/sebas/Porfolio/dist/server/pages/projects/minecraft.astro.mjs:8
import { getHighlighter } from 'shiki';
         ^^^^^^^^^^^^^^
SyntaxError: The requested module 'shiki' does not provide an export named 'getHighlighter'
    at ModuleJob._instantiate (node:internal/modules/esm/module_job:213:21)
    at async ModuleJob.run (node:internal/modules/esm/module_job:320:5)
    at async ModuleLoader.import (node:internal/modules/esm/loader:606:24)
    at async AppPipeline.getModuleForRoute (file:///home/sebas/Porfolio/dist/server/chunks/_@astrojs-ssr-adapter_b-EMYNlE.mjs:3292:16)
    at async NodeApp.render (file:///home/sebas/Porfolio/dist/server/chunks/_@astrojs-ssr-adapter_b-EMYNlE.mjs:3642:19)
    at async file:///home/sebas/Porfolio/dist/server/chunks/_@astrojs-ssr-adapter_b-EMYNlE.mjs:4267:24
2026-02-24 15:08:00 +01:00: [Shiki] 10 instances have been created. Shiki is supposed to be used as a singleton, consider refactoring your code to cache your highlighter instance; Or call `highlighter.dispose()` to release unused instances.
